npm warn Unknown project config "node-linker". This will stop working in the next major version of npm. See `npm help npmrc` for supported config options.
npm warn Unknown project config "auto-install-peers". This will stop working in the next major version of npm. See `npm help npmrc` for supported config options.
env: load .env
env: export EXPO_PUBLIC_APP_ENV EXPO_PUBLIC_API_URL EXPO_PUBLIC_VAR_NUMBER EXPO_PUBLIC_VAR_BOOL SECRET_KEY APP_BUILD_ONLY_VAR
Starting project at /app
(node:88474) [DEP0040] DeprecationWarning: The `punycode` module is deprecated. Please use a userland alternative instead.
(Use `node --trace-deprecation ...` to show where the warning was created)
Using src/app as the root directory for Expo Router.
Starting Metro Bundler
Waiting on http://localhost:8081
Logs for your project will appear below.
Web node_modules/expo-router/entry.js ░░░░░░░░░░░░░░░░  0.0% (0/1)
Web node_modules/expo-router/entry.js ▓▓▓▓▓▓▓▓▓▓░░░░░░ 64.0% (12/24)
Web node_modules/expo-router/entry.js ▓▓▓▓▓▓▓▓▓▓░░░░░░ 64.0% (141/291)
| Browserslist: browsers data (caniuse-lite) is 7 months old. Please run:
|   npx update-browserslist-db@latest
|   Why you should do it regularly: https://github.com/browserslist/update-db#readme
Web node_modules/expo-router/entry.js ▓▓▓▓▓▓▓▓▓▓░░░░░░ 64.0% (432/701)
| (node:94246) [DEP0040] DeprecationWarning: The `punycode` module is deprecated. Please use a userland alternative instead.
| (Use `node --trace-deprecation ...` to show where the warning was created)
Web node_modules/expo-router/entry.js ▓▓▓▓▓▓▓▓▓▓░░░░░░ 64.0% (724/948)
Web node_modules/expo-router/entry.js ▓▓▓▓▓▓▓▓▓▓░░░░░░ 64.0% ( 953/1202)
Web node_modules/expo-router/entry.js ▓▓▓▓▓▓▓▓▓▓░░░░░░ 65.9% (1413/1747)
Web node_modules/expo-router/entry.js ▓▓▓▓▓▓▓▓▓▓▓▓░░░░ 81.0% (1757/1955)
Web Bundled 28264ms node_modules/expo-router/entry.js (2389 modules)
Web node_modules/expo-router/entry.js ▓▓▓▓▓▓▓▓▓▓▓▓▓▓▓░ 99.9% (2389/2389)
Web node_modules/expo-router/entry.js ░░░░░░░░░░░░░░░░  0.0% (0/1)
Web Bundled 111ms node_modules/expo-router/entry.js (1 module)
 LOG  [web] Logs will appear in the browser console
